<?xml version="1.0" encoding="utf-8"?>
<TestRun id="88e6caaf-bdb7-4485-9ec5-441efffe0fd0" name="TI@NT-TI-256 2026-08-13 10:07:38" runUser="NT-TI-256\TI" xmlns="http://microsoft.com/schemas/VisualStudio/TeamTest/2010">
  <Times creation="2026-08-13T10:07:38.5537821-03:00" queuing="2026-08-13T10:07:38.5537827-03:00" start="2026-08-13T10:07:37.3135483-03:00" finish="2026-08-13T10:07:38.6050465-03:00" />
  <TestSettings name="default" id="ff391eeb-a7df-4139-8dbc-1545def66cd7">
    <Deployment runDeploymentRoot="TI_NT-TI-256_2026-08-13_10_07_38" />
  </TestSettings>
  <Results>
    <UnitTestResult executionId="69f4e247-4d03-45ef-ae49-0ef33b977169" testId="cc24599a-b679-5a76-68c5-0754922c892a" testName="FugaPET_HML.Tests.Processo.ProdutoAcabadoPipeline045OrquestradorTests.HuConfirmadaSap_PipelineConcluido" computerName="NT-TI-256" duration="00:00:00.0004834" startTime="2026-08-13T10:07:38.4746899-03:00" endTime="2026-08-13T10:07:38.4747139-03:00" testType="13cdc9d9-ddb5-4fa4-a97d-d965ccfc6d4b" outcome="Passed" testListId="8c84fa94-04c1-424b-9868-57a2d4851a1d" relativeResultsDirectory="69f4e247-4d03-45ef-ae49-0ef33b977169" />
    <UnitTestResult executionId="62e67584-d1d4-45da-9290-4c2644db2a3a" testId="209b15f9-5d40-77ad-ba1e-da53e0fd54a8" testName="FugaPET_HML.Tests.Processo.ProdutoAcabadoPipeline045OrquestradorTests.HuNaoConfirmada_PipelineNaoConcluido(estadoHu: ErroSap)" computerName="NT-TI-256" duration="00:00:00.0000147" startTime="2026-08-13T10:07:38.4745171-03:00" endTime="2026-08-13T10:07:38.4745414-03:00" testType="13cdc9d9-ddb5-4fa4-a97d-d965ccfc6d4b" outcome="Passed" testListId="8c84fa94-04c1-424b-9868-57a2d4851a1d" relativeResultsDirectory="62e67584-d1d4-45da-9290-4c2644db2a3a" />
    <UnitTestResult executionId="ac00fdb9-bdd7-42c4-a177-fc1b8e369daf" testId="23d0d225-29b1-b1ad-4518-ae9e7c37dee0" testName="FugaPET_HML.Tests.Processo.ProdutoAcabadoPipeline045OrquestradorTests.ClaimNegado_261_ZeroPOST_NaoRegistra_NaoAvanca" computerName="NT-TI-256" duration="00:00:00.0011753" startTime="2026-08-13T10:07:38.5128620-03:00" endTime="2026-08-13T10:07:38.5129539-03:00" testType="13cdc9d9-ddb5-4fa4-a97d-d965ccfc6d4b" outcome="Passed" testListId="8c84fa94-04c1-424b-9868-57a2d4851a1d" relativeResultsDirectory="ac00fdb9-bdd7-42c4-a177-fc1b8e369daf" />
    <UnitTestResult executionId="0151c930-690c-4c97-bcdd-53413068c48f" testId="270a9b97-0259-e039-ccbb-cd31de992137" testName="FugaPET_HML.Tests.Processo.ProdutoAcabadoPipeline045OrquestradorTests.HuNaoConfirmada_PipelineNaoConcluido(estadoHu: ProntaParaEnvio)" computerName="NT-TI-256" duration="00:00:00.0028471" startTime="2026-08-13T10:07:38.4742556-03:00" endTime="2026-08-13T10:07:38.4742939-03:00" testType="13cdc9d9-ddb5-4fa4-a97d-d965ccfc6d4b" outcome="Passed" testListId="8c84fa94-04c1-424b-9868-57a2d4851a1d" relativeResultsDirectory="0151c930-690c-4c97-bcdd-53413068c48f" />
    <UnitTestResult executionId="2c581497-9f50-4f0b-be02-4148fbced050" testId="77fa5f38-1a6a-6ec8-8986-bbd6d7765595" testName="FugaPET_HML.Tests.Processo.ProdutoAcabadoPipeline045OrquestradorTests.RegistrarSucesso261False_ZeroPOST101_ZeroHU" computerName="NT-TI-256" duration="00:00:00.0200893" startTime="2026-08-13T10:07:38.4308105-03:00" endTime="2026-08-13T10:07:38.4572096-03:00" testType="13cdc9d9-ddb5-4fa4-a97d-d965ccfc6d4b" outcome="Passed" testListId="8c84fa94-04c1-424b-9868-57a2d4851a1d" relativeResultsDirectory="2c581497-9f50-4f0b-be02-4148fbced050" />
    <UnitTestResult executionId="1d3a5b95-3973-47c1-bb5f-a44576a682c5" testId="f85ee6c5-9af1-ee86-1aeb-839a9fe66281" testName="FugaPET_HML.Tests.Processo.ProdutoAcabadoPipeline045OrquestradorTests.HuNaoConfirmada_PipelineNaoConcluido(estadoHu: EnviandoSap)" computerName="NT-TI-256" duration="00:00:00.0000216" startTime="2026-08-13T10:07:38.4744453-03:00" endTime="2026-08-13T10:07:38.4744694-03:00" testType="13cdc9d9-ddb5-4fa4-a97d-d965ccfc6d4b" outcome="Passed" testListId="8c84fa94-04c1-424b-9868-57a2d4851a1d" relativeResultsDirectory="1d3a5b95-3973-47c1-bb5f-a44576a682c5" />
    <UnitTestResult executionId="9489653d-88fe-4df4-9ab8-203b7ab38514" testId="628c085a-ab4d-b6f0-049b-f3862143ce3a" testName="FugaPET_HML.Tests.Processo.ProdutoAcabadoPipeline045OrquestradorTests.Erro101_RegistraErro_NaoChamaHU" computerName="NT-TI-256" duration="00:00:00.0014947" startTime="2026-08-13T10:07:38.4734260-03:00" endTime="2026-08-13T10:07:38.4735622-03:00" testType="13cdc9d9-ddb5-4fa4-a97d-d965ccfc6d4b" outcome="Passed" testListId="8c84fa94-04c1-424b-9868-57a2d4851a1d" relativeResultsDirectory="9489653d-88fe-4df4-9ab8-203b7ab38514" />
    <UnitTestResult executionId="087d631d-3fb4-4dfe-9bcf-b0aa518bc7af" testId="e06e71fa-7dbd-2d2c-970f-1c21f6eee33d" testName="FugaPET_HML.Tests.Processo.ProdutoAcabadoPipeline045OrquestradorTests.GuardHu_NuncaChamadoPeloOrquestrador" computerName="NT-TI-256" duration="00:00:00.0006267" startTime="2026-08-13T10:07:38.5143687-03:00" endTime="2026-08-13T10:07:38.5144456-03:00" testType="13cdc9d9-ddb5-4fa4-a97d-d965ccfc6d4b" outcome="Passed" testListId="8c84fa94-04c1-424b-9868-57a2d4851a1d" relativeResultsDirectory="087d631d-3fb4-4dfe-9bcf-b0aa518bc7af" />
    <UnitTestResult executionId="1a7b4b5c-4f17-4093-ae4e-a29d157fb38e" testId="b92009a5-6ed2-0ebb-4abd-ef13d72ca183" testName="FugaPET_HML.Tests.Processo.ProdutoAcabadoPipeline045OrquestradorTests.RegistrarSucesso101False_ZeroHU" computerName="NT-TI-256" duration="00:00:00.0010673" startTime="2026-08-13T10:07:38.4746056-03:00" endTime="2026-08-13T10:07:38.4746297-03:00" testType="13cdc9d9-ddb5-4fa4-a97d-d965ccfc6d4b" outcome="Passed" testListId="8c84fa94-04c1-424b-9868-57a2d4851a1d" relativeResultsDirectory="1a7b4b5c-4f17-4093-ae4e-a29d157fb38e" />
    <UnitTestResult executionId="83a76034-5a83-4191-8efd-9d917bd0a588" testId="8c6a4ded-eb1f-391e-695b-ce2c786d353e" testName="FugaPET_HML.Tests.Processo.ProdutoAcabadoPipeline045OrquestradorTests.Erro261_RegistraErro_NaoChama101_NemHU" computerName="NT-TI-256" duration="00:00:00.0009178" startTime="2026-08-13T10:07:38.5138381-03:00" endTime="2026-08-13T10:07:38.5139149-03:00" testType="13cdc9d9-ddb5-4fa4-a97d-d965ccfc6d4b" outcome="Passed" testListId="8c84fa94-04c1-424b-9868-57a2d4851a1d" relativeResultsDirectory="83a76034-5a83-4191-8efd-9d917bd0a588" />
    <UnitTestResult executionId="b2192c5c-e0a0-4eef-8628-ecfb7b762bca" testId="83b939f5-96bd-408a-ccc1-5d683838003a" testName="FugaPET_HML.Tests.Processo.ProdutoAcabadoPipeline045OrquestradorTests.Orquestrador_NaoUsaSalvarSnapshotComoAutoridade" computerName="NT-TI-256" duration="00:00:00.0013122" startTime="2026-08-13T10:07:38.5121169-03:00" endTime="2026-08-13T10:07:38.5122391-03:00" testType="13cdc9d9-ddb5-4fa4-a97d-d965ccfc6d4b" outcome="Passed" testListId="8c84fa94-04c1-424b-9868-57a2d4851a1d" relativeResultsDirectory="b2192c5c-e0a0-4eef-8628-ecfb7b762bca" />
    <UnitTestResult executionId="4aa95944-2d54-4e6f-9fd9-a6c88104d525" testId="89f74cbe-8a58-68ea-8301-3321c7a1ac53" testName="FugaPET_HML.Tests.Processo.ProdutoAcabadoPipeline045OrquestradorTests.ClaimNegado_101_ZeroPOST_101_NaoChamaHU" computerName="NT-TI-256" duration="00:00:00.0009326" startTime="2026-08-13T10:07:38.5135710-03:00" endTime="2026-08-13T10:07:38.5136520-03:00" testType="13cdc9d9-ddb5-4fa4-a97d-d965ccfc6d4b" outcome="Passed" testListId="8c84fa94-04c1-424b-9868-57a2d4851a1d" relativeResultsDirectory="4aa95944-2d54-4e6f-9fd9-a6c88104d525" />
    <UnitTestResult executionId="551955ea-304b-4542-aa48-2839341e74aa" testId="e2497de5-6007-ddf4-b230-9a521e6163f0" testName="FugaPET_HML.Tests.Processo.ProdutoAcabadoPipeline045OrquestradorTests.Sucesso_SequenciaExata_261_Depois_101_Depois_HU" computerName="NT-TI-256" duration="00:00:00.0108435" startTime="2026-08-13T10:07:38.5132000-03:00" endTime="2026-08-13T10:07:38.5133149-03:00" testType="13cdc9d9-ddb5-4fa4-a97d-d965ccfc6d4b" outcome="Passed" testListId="8c84fa94-04c1-424b-9868-57a2d4851a1d" relativeResultsDirectory="551955ea-304b-4542-aa48-2839341e74aa" />
    <UnitTestResult executionId="cb9e05d2-a491-484c-971c-c34b987ed974" testId="8cb8e863-b6bb-7c17-ef09-01f37db460da" testName="FugaPET_HML.Tests.Processo.ProdutoAcabadoPipeline045OrquestradorTests.HuIndeterminadoTimeout_NaoConcluido_ZeroRetry" computerName="NT-TI-256" duration="00:00:00.0006615" startTime="2026-08-13T10:07:38.5146242-03:00" endTime="2026-08-13T10:07:38.5146998-03:00" testType="13cdc9d9-ddb5-4fa4-a97d-d965ccfc6d4b" outcome="Passed" testListId="8c84fa94-04c1-424b-9868-57a2d4851a1d" relativeResultsDirectory="cb9e05d2-a491-484c-971c-c34b987ed974" />
    <UnitTestResult executionId="81c5de82-e019-4c97-b676-e16a5979d560" testId="904a8ef7-27da-39b6-df03-9556a299988f" testName="FugaPET_HML.Tests.Processo.ProdutoAcabadoPipeline045OrquestradorTests.Timeout101_RegistraTimeout_NaoChamaHU" computerName="NT-TI-256" duration="00:00:00.0005932" startTime="2026-08-13T10:07:38.4747742-03:00" endTime="2026-08-13T10:07:38.4747989-03:00" testType="13cdc9d9-ddb5-4fa4-a97d-d965ccfc6d4b" outcome="Passed" testListId="8c84fa94-04c1-424b-9868-57a2d4851a1d" relativeResultsDirectory="81c5de82-e019-4c97-b676-e16a5979d560" />
    <UnitTestResult executionId="81730d84-fa05-4ce8-998d-ac4508f6fa1c" testId="954bc76c-caf8-14c7-d67d-6e419aa6de5f" testName="FugaPET_HML.Tests.Processo.ProdutoAcabadoPipeline045OrquestradorTests.Timeout261_RegistraTimeout_ZeroRetry_NaoChama101" computerName="NT-TI-256" duration="00:00:00.0007753" startTime="2026-08-13T10:07:38.5141093-03:00" endTime="2026-08-13T10:07:38.5141875-03:00" testType="13cdc9d9-ddb5-4fa4-a97d-d965ccfc6d4b" outcome="Passed" testListId="8c84fa94-04c1-424b-9868-57a2d4851a1d" relativeResultsDirectory="81730d84-fa05-4ce8-998d-ac4508f6fa1c" />
    <UnitTestResult executionId="28b6e195-f65f-4516-8f13-f292cab34dbb" testId="f8e478d3-21e4-979b-3adb-eeabb3b66e64" testName="FugaPET_HML.Tests.Processo.ProdutoAcabadoPipeline045OrquestradorTests.HuNaoConfirmada_PipelineNaoConcluido(estadoHu: Bloqueada)" computerName="NT-TI-256" duration="00:00:00.0005059" startTime="2026-08-13T10:07:38.4743701-03:00" endTime="2026-08-13T10:07:38.4743965-03:00" testType="13cdc9d9-ddb5-4fa4-a97d-d965ccfc6d4b" outcome="Passed" testListId="8c84fa94-04c1-424b-9868-57a2d4851a1d" relativeResultsDirectory="28b6e195-f65f-4516-8f13-f292cab34dbb" />
  </Results>
  <TestDefinitions>
    <UnitTest name="FugaPET_HML.Tests.Processo.ProdutoAcabadoPipeline045OrquestradorTests.HuNaoConfirmada_PipelineNaoConcluido(estadoHu: EnviandoSap)" storage="c:\visual studio 2026\projetos\fuga\fuga_couros_hml\fugapet_hml\fugapet_hml.tests\bin\release\net10.0-windows\fugapet_hml.tests.dll" id="f85ee6c5-9af1-ee86-1aeb-839a9fe66281">
      <Execution id="1d3a5b95-3973-47c1-bb5f-a44576a682c5" />
      <TestMethod codeBase="C:\Visual Studio 2026\Projetos\Fuga\Fuga_Couros_HML\FugaPet_HML\FugaPET_HML.Tests\bin\Release\net10.0-windows\FugaPET_HML.Tests.dll" adapterTypeName="executor://xunit/VsTestRunner3/netcore/" className="FugaPET_HML.Tests.Processo.ProdutoAcabadoPipeline045OrquestradorTests" name="HuNaoConfirmada_PipelineNaoConcluido" />
    </UnitTest>
    <UnitTest name="FugaPET_HML.Tests.Processo.ProdutoAcabadoPipeline045OrquestradorTests.Timeout261_RegistraTimeout_ZeroRetry_NaoChama101" storage="c:\visual studio 2026\projetos\fuga\fuga_couros_hml\fugapet_hml\fugapet_hml.tests\bin\release\net10.0-windows\fugapet_hml.tests.dll" id="954bc76c-caf8-14c7-d67d-6e419aa6de5f">
      <Execution id="81730d84-fa05-4ce8-998d-ac4508f6fa1c" />
      <TestMethod codeBase="C:\Visual Studio 2026\Projetos\Fuga\Fuga_Couros_HML\FugaPet_HML\FugaPET_HML.Tests\bin\Release\net10.0-windows\FugaPET_HML.Tests.dll" adapterTypeName="executor://xunit/VsTestRunner3/netcore/" className="FugaPET_HML.Tests.Processo.ProdutoAcabadoPipeline045OrquestradorTests" name="Timeout261_RegistraTimeout_ZeroRetry_NaoChama101" />
    </UnitTest>
    <UnitTest name="FugaPET_HML.Tests.Processo.ProdutoAcabadoPipeline045OrquestradorTests.Orquestrador_NaoUsaSalvarSnapshotComoAutoridade" storage="c:\visual studio 2026\projetos\fuga\fuga_couros_hml\fugapet_hml\fugapet_hml.tests\bin\release\net10.0-windows\fugapet_hml.tests.dll" id="83b939f5-96bd-408a-ccc1-5d683838003a">
      <Execution id="b2192c5c-e0a0-4eef-8628-ecfb7b762bca" />
      <TestMethod codeBase="C:\Visual Studio 2026\Projetos\Fuga\Fuga_Couros_HML\FugaPet_HML\FugaPET_HML.Tests\bin\Release\net10.0-windows\FugaPET_HML.Tests.dll" adapterTypeName="executor://xunit/VsTestRunner3/netcore/" className="FugaPET_HML.Tests.Processo.ProdutoAcabadoPipeline045OrquestradorTests" name="Orquestrador_NaoUsaSalvarSnapshotComoAutoridade" />
    </UnitTest>
    <UnitTest name="FugaPET_HML.Tests.Processo.ProdutoAcabadoPipeline045OrquestradorTests.HuNaoConfirmada_PipelineNaoConcluido(estadoHu: Bloqueada)" storage="c:\visual studio 2026\projetos\fuga\fuga_couros_hml\fugapet_hml\fugapet_hml.tests\bin\release\net10.0-windows\fugapet_hml.tests.dll" id="f8e478d3-21e4-979b-3adb-eeabb3b66e64">
      <Execution id="28b6e195-f65f-4516-8f13-f292cab34dbb" />
      <TestMethod codeBase="C:\Visual Studio 2026\Projetos\Fuga\Fuga_Couros_HML\FugaPet_HML\FugaPET_HML.Tests\bin\Release\net10.0-windows\FugaPET_HML.Tests.dll" adapterTypeName="executor://xunit/VsTestRunner3/netcore/" className="FugaPET_HML.Tests.Processo.ProdutoAcabadoPipeline045OrquestradorTests" name="HuNaoConfirmada_PipelineNaoConcluido" />
    </UnitTest>
    <UnitTest name="FugaPET_HML.Tests.Processo.ProdutoAcabadoPipeline045OrquestradorTests.HuNaoConfirmada_PipelineNaoConcluido(estadoHu: ProntaParaEnvio)" storage="c:\visual studio 2026\projetos\fuga\fuga_couros_hml\fugapet_hml\fugapet_hml.tests\bin\release\net10.0-windows\fugapet_hml.tests.dll" id="270a9b97-0259-e039-ccbb-cd31de992137">
      <Execution id="0151c930-690c-4c97-bcdd-53413068c48f" />
      <TestMethod codeBase="C:\Visual Studio 2026\Projetos\Fuga\Fuga_Couros_HML\FugaPet_HML\FugaPET_HML.Tests\bin\Release\net10.0-windows\FugaPET_HML.Tests.dll" adapterTypeName="executor://xunit/VsTestRunner3/netcore/" className="FugaPET_HML.Tests.Processo.ProdutoAcabadoPipeline045OrquestradorTests" name="HuNaoConfirmada_PipelineNaoConcluido" />
    </UnitTest>
    <UnitTest name="FugaPET_HML.Tests.Processo.ProdutoAcabadoPipeline045OrquestradorTests.GuardHu_NuncaChamadoPeloOrquestrador" storage="c:\visual studio 2026\projetos\fuga\fuga_couros_hml\fugapet_hml\fugapet_hml.tests\bin\release\net10.0-windows\fugapet_hml.tests.dll" id="e06e71fa-7dbd-2d2c-970f-1c21f6eee33d">
      <Execution id="087d631d-3fb4-4dfe-9bcf-b0aa518bc7af" />
      <TestMethod codeBase="C:\Visual Studio 2026\Projetos\Fuga\Fuga_Couros_HML\FugaPet_HML\FugaPET_HML.Tests\bin\Release\net10.0-windows\FugaPET_HML.Tests.dll" adapterTypeName="executor://xunit/VsTestRunner3/netcore/" className="FugaPET_HML.Tests.Processo.ProdutoAcabadoPipeline045OrquestradorTests" name="GuardHu_NuncaChamadoPeloOrquestrador" />
    </UnitTest>
    <UnitTest name="FugaPET_HML.Tests.Processo.ProdutoAcabadoPipeline045OrquestradorTests.Erro101_RegistraErro_NaoChamaHU" storage="c:\visual studio 2026\projetos\fuga\fuga_couros_hml\fugapet_hml\fugapet_hml.tests\bin\release\net10.0-windows\fugapet_hml.tests.dll" id="628c085a-ab4d-b6f0-049b-f3862143ce3a">
      <Execution id="9489653d-88fe-4df4-9ab8-203b7ab38514" />
      <TestMethod codeBase="C:\Visual Studio 2026\Projetos\Fuga\Fuga_Couros_HML\FugaPet_HML\FugaPET_HML.Tests\bin\Release\net10.0-windows\FugaPET_HML.Tests.dll" adapterTypeName="executor://xunit/VsTestRunner3/netcore/" className="FugaPET_HML.Tests.Processo.ProdutoAcabadoPipeline045OrquestradorTests" name="Erro101_RegistraErro_NaoChamaHU" />
    </UnitTest>
    <UnitTest name="FugaPET_HML.Tests.Processo.ProdutoAcabadoPipeline045OrquestradorTests.HuIndeterminadoTimeout_NaoConcluido_ZeroRetry" storage="c:\visual studio 2026\projetos\fuga\fuga_couros_hml\fugapet_hml\fugapet_hml.tests\bin\release\net10.0-windows\fugapet_hml.tests.dll" id="8cb8e863-b6bb-7c17-ef09-01f37db460da">
      <Execution id="cb9e05d2-a491-484c-971c-c34b987ed974" />
      <TestMethod codeBase="C:\Visual Studio 2026\Projetos\Fuga\Fuga_Couros_HML\FugaPet_HML\FugaPET_HML.Tests\bin\Release\net10.0-windows\FugaPET_HML.Tests.dll" adapterTypeName="executor://xunit/VsTestRunner3/netcore/" className="FugaPET_HML.Tests.Processo.ProdutoAcabadoPipeline045OrquestradorTests" name="HuIndeterminadoTimeout_NaoConcluido_ZeroRetry" />
    </UnitTest>
    <UnitTest name="FugaPET_HML.Tests.Processo.ProdutoAcabadoPipeline045OrquestradorTests.Erro261_RegistraErro_NaoChama101_NemHU" storage="c:\visual studio 2026\projetos\fuga\fuga_couros_hml\fugapet_hml\fugapet_hml.tests\bin\release\net10.0-windows\fugapet_hml.tests.dll" id="8c6a4ded-eb1f-391e-695b-ce2c786d353e">
      <Execution id="83a76034-5a83-4191-8efd-9d917bd0a588" />
      <TestMethod codeBase="C:\Visual Studio 2026\Projetos\Fuga\Fuga_Couros_HML\FugaPet_HML\FugaPET_HML.Tests\bin\Release\net10.0-windows\FugaPET_HML.Tests.dll" adapterTypeName="executor://xunit/VsTestRunner3/netcore/" className="FugaPET_HML.Tests.Processo.ProdutoAcabadoPipeline045OrquestradorTests" name="Erro261_RegistraErro_NaoChama101_NemHU" />
    </UnitTest>
    <UnitTest name="FugaPET_HML.Tests.Processo.ProdutoAcabadoPipeline045OrquestradorTests.HuConfirmadaSap_PipelineConcluido" storage="c:\visual studio 2026\projetos\fuga\fuga_couros_hml\fugapet_hml\fugapet_hml.tests\bin\release\net10.0-windows\fugapet_hml.tests.dll" id="cc24599a-b679-5a76-68c5-0754922c892a">
      <Execution id="69f4e247-4d03-45ef-ae49-0ef33b977169" />
      <TestMethod codeBase="C:\Visual Studio 2026\Projetos\Fuga\Fuga_Couros_HML\FugaPet_HML\FugaPET_HML.Tests\bin\Release\net10.0-windows\FugaPET_HML.Tests.dll" adapterTypeName="executor://xunit/VsTestRunner3/netcore/" className="FugaPET_HML.Tests.Processo.ProdutoAcabadoPipeline045OrquestradorTests" name="HuConfirmadaSap_PipelineConcluido" />
    </UnitTest>
    <UnitTest name="FugaPET_HML.Tests.Processo.ProdutoAcabadoPipeline045OrquestradorTests.ClaimNegado_261_ZeroPOST_NaoRegistra_NaoAvanca" storage="c:\visual studio 2026\projetos\fuga\fuga_couros_hml\fugapet_hml\fugapet_hml.tests\bin\release\net10.0-windows\fugapet_hml.tests.dll" id="23d0d225-29b1-b1ad-4518-ae9e7c37dee0">
      <Execution id="ac00fdb9-bdd7-42c4-a177-fc1b8e369daf" />
      <TestMethod codeBase="C:\Visual Studio 2026\Projetos\Fuga\Fuga_Couros_HML\FugaPet_HML\FugaPET_HML.Tests\bin\Release\net10.0-windows\FugaPET_HML.Tests.dll" adapterTypeName="executor://xunit/VsTestRunner3/netcore/" className="FugaPET_HML.Tests.Processo.ProdutoAcabadoPipeline045OrquestradorTests" name="ClaimNegado_261_ZeroPOST_NaoRegistra_NaoAvanca" />
    </UnitTest>
    <UnitTest name="FugaPET_HML.Tests.Processo.ProdutoAcabadoPipeline045OrquestradorTests.ClaimNegado_101_ZeroPOST_101_NaoChamaHU" storage="c:\visual studio 2026\projetos\fuga\fuga_couros_hml\fugapet_hml\fugapet_hml.tests\bin\release\net10.0-windows\fugapet_hml.tests.dll" id="89f74cbe-8a58-68ea-8301-3321c7a1ac53">
      <Execution id="4aa95944-2d54-4e6f-9fd9-a6c88104d525" />
      <TestMethod codeBase="C:\Visual Studio 2026\Projetos\Fuga\Fuga_Couros_HML\FugaPet_HML\FugaPET_HML.Tests\bin\Release\net10.0-windows\FugaPET_HML.Tests.dll" adapterTypeName="executor://xunit/VsTestRunner3/netcore/" className="FugaPET_HML.Tests.Processo.ProdutoAcabadoPipeline045OrquestradorTests" name="ClaimNegado_101_ZeroPOST_101_NaoChamaHU" />
    </UnitTest>
    <UnitTest name="FugaPET_HML.Tests.Processo.ProdutoAcabadoPipeline045OrquestradorTests.RegistrarSucesso261False_ZeroPOST101_ZeroHU" storage="c:\visual studio 2026\projetos\fuga\fuga_couros_hml\fugapet_hml\fugapet_hml.tests\bin\release\net10.0-windows\fugapet_hml.tests.dll" id="77fa5f38-1a6a-6ec8-8986-bbd6d7765595">
      <Execution id="2c581497-9f50-4f0b-be02-4148fbced050" />
      <TestMethod codeBase="C:\Visual Studio 2026\Projetos\Fuga\Fuga_Couros_HML\FugaPet_HML\FugaPET_HML.Tests\bin\Release\net10.0-windows\FugaPET_HML.Tests.dll" adapterTypeName="executor://xunit/VsTestRunner3/netcore/" className="FugaPET_HML.Tests.Processo.ProdutoAcabadoPipeline045OrquestradorTests" name="RegistrarSucesso261False_ZeroPOST101_ZeroHU" />
    </UnitTest>
    <UnitTest name="FugaPET_HML.Tests.Processo.ProdutoAcabadoPipeline045OrquestradorTests.HuNaoConfirmada_PipelineNaoConcluido(estadoHu: ErroSap)" storage="c:\visual studio 2026\projetos\fuga\fuga_couros_hml\fugapet_hml\fugapet_hml.tests\bin\release\net10.0-windows\fugapet_hml.tests.dll" id="209b15f9-5d40-77ad-ba1e-da53e0fd54a8">
      <Execution id="62e67584-d1d4-45da-9290-4c2644db2a3a" />
      <TestMethod codeBase="C:\Visual Studio 2026\Projetos\Fuga\Fuga_Couros_HML\FugaPet_HML\FugaPET_HML.Tests\bin\Release\net10.0-windows\FugaPET_HML.Tests.dll" adapterTypeName="executor://xunit/VsTestRunner3/netcore/" className="FugaPET_HML.Tests.Processo.ProdutoAcabadoPipeline045OrquestradorTests" name="HuNaoConfirmada_PipelineNaoConcluido" />
    </UnitTest>
    <UnitTest name="FugaPET_HML.Tests.Processo.ProdutoAcabadoPipeline045OrquestradorTests.RegistrarSucesso101False_ZeroHU" storage="c:\visual studio 2026\projetos\fuga\fuga_couros_hml\fugapet_hml\fugapet_hml.tests\bin\release\net10.0-windows\fugapet_hml.tests.dll" id="b92009a5-6ed2-0ebb-4abd-ef13d72ca183">
      <Execution id="1a7b4b5c-4f17-4093-ae4e-a29d157fb38e" />
      <TestMethod codeBase="C:\Visual Studio 2026\Projetos\Fuga\Fuga_Couros_HML\FugaPet_HML\FugaPET_HML.Tests\bin\Release\net10.0-windows\FugaPET_HML.Tests.dll" adapterTypeName="executor://xunit/VsTestRunner3/netcore/" className="FugaPET_HML.Tests.Processo.ProdutoAcabadoPipeline045OrquestradorTests" name="RegistrarSucesso101False_ZeroHU" />
    </UnitTest>
    <UnitTest name="FugaPET_HML.Tests.Processo.ProdutoAcabadoPipeline045OrquestradorTests.Sucesso_SequenciaExata_261_Depois_101_Depois_HU" storage="c:\visual studio 2026\projetos\fuga\fuga_couros_hml\fugapet_hml\fugapet_hml.tests\bin\release\net10.0-windows\fugapet_hml.tests.dll" id="e2497de5-6007-ddf4-b230-9a521e6163f0">
      <Execution id="551955ea-304b-4542-aa48-2839341e74aa" />
      <TestMethod codeBase="C:\Visual Studio 2026\Projetos\Fuga\Fuga_Couros_HML\FugaPet_HML\FugaPET_HML.Tests\bin\Release\net10.0-windows\FugaPET_HML.Tests.dll" adapterTypeName="executor://xunit/VsTestRunner3/netcore/" className="FugaPET_HML.Tests.Processo.ProdutoAcabadoPipeline045OrquestradorTests" name="Sucesso_SequenciaExata_261_Depois_101_Depois_HU" />
    </UnitTest>
    <UnitTest name="FugaPET_HML.Tests.Processo.ProdutoAcabadoPipeline045OrquestradorTests.Timeout101_RegistraTimeout_NaoChamaHU" storage="c:\visual studio 2026\projetos\fuga\fuga_couros_hml\fugapet_hml\fugapet_hml.tests\bin\release\net10.0-windows\fugapet_hml.tests.dll" id="904a8ef7-27da-39b6-df03-9556a299988f">
      <Execution id="81c5de82-e019-4c97-b676-e16a5979d560" />
      <TestMethod codeBase="C:\Visual Studio 2026\Projetos\Fuga\Fuga_Couros_HML\FugaPet_HML\FugaPET_HML.Tests\bin\Release\net10.0-windows\FugaPET_HML.Tests.dll" adapterTypeName="executor://xunit/VsTestRunner3/netcore/" className="FugaPET_HML.Tests.Processo.ProdutoAcabadoPipeline045OrquestradorTests" name="Timeout101_RegistraTimeout_NaoChamaHU" />
    </UnitTest>
  </TestDefinitions>
  <TestEntries>
    <TestEntry testId="cc24599a-b679-5a76-68c5-0754922c892a" executionId="69f4e247-4d03-45ef-ae49-0ef33b977169" testListId="8c84fa94-04c1-424b-9868-57a2d4851a1d" />
    <TestEntry testId="209b15f9-5d40-77ad-ba1e-da53e0fd54a8" executionId="62e67584-d1d4-45da-9290-4c2644db2a3a" testListId="8c84fa94-04c1-424b-9868-57a2d4851a1d" />
    <TestEntry testId="23d0d225-29b1-b1ad-4518-ae9e7c37dee0" executionId="ac00fdb9-bdd7-42c4-a177-fc1b8e369daf" testListId="8c84fa94-04c1-424b-9868-57a2d4851a1d" />
    <TestEntry testId="270a9b97-0259-e039-ccbb-cd31de992137" executionId="0151c930-690c-4c97-bcdd-53413068c48f" testListId="8c84fa94-04c1-424b-9868-57a2d4851a1d" />
    <TestEntry testId="77fa5f38-1a6a-6ec8-8986-bbd6d7765595" executionId="2c581497-9f50-4f0b-be02-4148fbced050" testListId="8c84fa94-04c1-424b-9868-57a2d4851a1d" />
    <TestEntry testId="f85ee6c5-9af1-ee86-1aeb-839a9fe66281" executionId="1d3a5b95-3973-47c1-bb5f-a44576a682c5" testListId="8c84fa94-04c1-424b-9868-57a2d4851a1d" />
    <TestEntry testId="628c085a-ab4d-b6f0-049b-f3862143ce3a" executionId="9489653d-88fe-4df4-9ab8-203b7ab38514" testListId="8c84fa94-04c1-424b-9868-57a2d4851a1d" />
    <TestEntry testId="e06e71fa-7dbd-2d2c-970f-1c21f6eee33d" executionId="087d631d-3fb4-4dfe-9bcf-b0aa518bc7af" testListId="8c84fa94-04c1-424b-9868-57a2d4851a1d" />
    <TestEntry testId="b92009a5-6ed2-0ebb-4abd-ef13d72ca183" executionId="1a7b4b5c-4f17-4093-ae4e-a29d157fb38e" testListId="8c84fa94-04c1-424b-9868-57a2d4851a1d" />
    <TestEntry testId="8c6a4ded-eb1f-391e-695b-ce2c786d353e" executionId="83a76034-5a83-4191-8efd-9d917bd0a588" testListId="8c84fa94-04c1-424b-9868-57a2d4851a1d" />
    <TestEntry testId="83b939f5-96bd-408a-ccc1-5d683838003a" executionId="b2192c5c-e0a0-4eef-8628-ecfb7b762bca" testListId="8c84fa94-04c1-424b-9868-57a2d4851a1d" />
    <TestEntry testId="89f74cbe-8a58-68ea-8301-3321c7a1ac53" executionId="4aa95944-2d54-4e6f-9fd9-a6c88104d525" testListId="8c84fa94-04c1-424b-9868-57a2d4851a1d" />
    <TestEntry testId="e2497de5-6007-ddf4-b230-9a521e6163f0" executionId="551955ea-304b-4542-aa48-2839341e74aa" testListId="8c84fa94-04c1-424b-9868-57a2d4851a1d" />
    <TestEntry testId="8cb8e863-b6bb-7c17-ef09-01f37db460da" executionId="cb9e05d2-a491-484c-971c-c34b987ed974" testListId="8c84fa94-04c1-424b-9868-57a2d4851a1d" />
    <TestEntry testId="904a8ef7-27da-39b6-df03-9556a299988f" executionId="81c5de82-e019-4c97-b676-e16a5979d560" testListId="8c84fa94-04c1-424b-9868-57a2d4851a1d" />
    <TestEntry testId="954bc76c-caf8-14c7-d67d-6e419aa6de5f" executionId="81730d84-fa05-4ce8-998d-ac4508f6fa1c" testListId="8c84fa94-04c1-424b-9868-57a2d4851a1d" />
    <TestEntry testId="f8e478d3-21e4-979b-3adb-eeabb3b66e64" executionId="28b6e195-f65f-4516-8f13-f292cab34dbb" testListId="8c84fa94-04c1-424b-9868-57a2d4851a1d" />
  </TestEntries>
  <TestLists>
    <TestList name="Resultados que não estão em uma lista" id="8c84fa94-04c1-424b-9868-57a2d4851a1d" />
    <TestList name="Todos os resultados carregados" id="19431567-8539-422a-85d7-44ee4e166bda" />
  </TestLists>
  <ResultSummary outcome="Completed">
    <Counters total="17" executed="17" passed="17" failed="0" error="0" timeout="0" aborted="0" inconclusive="0" passedButRunAborted="0" notRunnable="0" notExecuted="0" disconnected="0" warning="0" completed="0" inProgress="0" pending="0" />
    <Output>
      <StdOut>[xUnit.net 00:00:00.00] xUnit.net VSTest Adapter v3.1.4+50e68bbb8b (64-bit .NET 10.0.9)&#xD;
[xUnit.net 00:00:00.13]   Discovering: FugaPET_HML.Tests&#xD;
[xUnit.net 00:00:00.47]   Discovered:  FugaPET_HML.Tests&#xD;
[xUnit.net 00:00:00.51]   Starting:    FugaPET_HML.Tests&#xD;
[xUnit.net 00:00:00.62]   Finished:    FugaPET_HML.Tests&#xD;
</StdOut>
    </Output>
  </ResultSummary>
</TestRun>